
> secureuploadhub@0.1.0 build C:\Users\mears\Desktop\workspace\secureuploadhub
> prisma generate && cross-env NEXT_TURBOPACK=0 next build

[dotenv@17.2.3] injecting env (40) from .env -- tip: ⚙️  suppress all logs with { quiet: true }
Loaded Prisma config from prisma.config.ts.

Prisma schema loaded from prisma\schema.prisma.

✔ Generated Prisma Client (v7.2.0) to .\node_modules\.pnpm\@prisma+client@7.2.0_prisma_f75d495222e5a9a082c60aa675bb2498\node_modules\@prisma\client in 748ms

Start by importing your Prisma Client (See: https://pris.ly/d/importing-client)

Tip: Need your database queries to be 1000x faster? Accelerate offers you that and more: https://pris.ly/tip-2-accelerate

▲ Next.js 16.1.0 (Turbopack)
- Environments: .env
- Experiments (use with caution):
  · serverActions

  Creating an optimized production build ...
✓ Compiled successfully in 2.5min
  Running TypeScript ...
  Collecting page data using 3 workers ...
[dotenv@17.2.3] injecting env (0) from .env -- tip: ⚙️  enable debug logging with { debug: true }
[dotenv@17.2.3] injecting env (0) from .env -- tip: 🔄 add secrets lifecycle management: https://dotenvx.com/ops
  Generating static pages using 3 workers (0/108) ...
  Generating static pages using 3 workers (27/108) 
  Generating static pages using 3 workers (54/108) 
  Generating static pages using 3 workers (81/108) 
✓ Generating static pages using 3 workers (108/108) in 22.0s
  Finalizing page optimization ...

Route (app)
┌ ○ /
├ ○ /_not-found
├ ƒ /admin
├ ƒ /admin/analytics
├ ƒ /admin/analytics/debug
├ ƒ /admin/audit
├ ƒ /admin/billing
├ ƒ /admin/blog
├ ƒ /admin/blog/[id]/edit
├ ƒ /admin/blog/new
├ ƒ /admin/communication
├ ƒ /admin/email-templates
├ ƒ /admin/portals
├ ƒ /admin/settings
├ ƒ /admin/users
├ ƒ /api/admin/analytics
├ ƒ /api/admin/analytics/dashboard
├ ƒ /api/admin/analytics/dashboard-simple
├ ƒ /api/admin/analytics/export
├ ƒ /api/admin/analytics/performance
├ ƒ /api/admin/analytics/performance-simple
├ ƒ /api/admin/analytics/performance-test
├ ƒ /api/admin/analytics/uploads
├ ƒ /api/admin/analytics/users
├ ƒ /api/admin/articles
├ ƒ /api/admin/articles/[id]
├ ƒ /api/admin/audit
├ ƒ /api/admin/billing/analytics
├ ƒ /api/admin/billing/migrate
├ ƒ /api/admin/billing/plans
├ ƒ /api/admin/billing/plans/[id]
├ ƒ /api/admin/billing/refunds
├ ƒ /api/admin/billing/subscriptions
├ ƒ /api/admin/billing/subscriptions/[id]/cancel
├ ƒ /api/admin/billing/subscriptions/[id]/payments
├ ƒ /api/admin/blog/scheduler
├ ƒ /api/admin/categories
├ ƒ /api/admin/communication/analytics
├ ƒ /api/admin/communication/feedback
├ ƒ /api/admin/communication/feedback/[id]
├ ƒ /api/admin/communication/tickets
├ ƒ /api/admin/communication/tickets/[id]
├ ƒ /api/admin/email-templates
├ ƒ /api/admin/email-templates/[id]
├ ƒ /api/admin/email-templates/[id]/test
├ ƒ /api/admin/fix-google-oauth
├ ƒ /api/admin/fix-subscriptions
├ ƒ /api/admin/portals
├ ƒ /api/admin/portals/[id]
├ ƒ /api/admin/portals/[id]/status
├ ƒ /api/admin/portals/[id]/transfer
├ ƒ /api/admin/portals/analytics
├ ƒ /api/admin/settings
├ ƒ /api/admin/settings/[id]
├ ƒ /api/admin/subscription-health
├ ƒ /api/admin/tags
├ ƒ /api/admin/test-auth
├ ƒ /api/admin/test-db
├ ƒ /api/admin/users
├ ƒ /api/admin/users/[id]
├ ƒ /api/admin/users/[id]/activity
├ ƒ /api/admin/users/[id]/login-history
├ ƒ /api/admin/users/[id]/password-reset
├ ƒ /api/admin/users/[id]/role
├ ƒ /api/admin/users/[id]/status
├ ƒ /api/admin/users/bulk-actions
├ ƒ /api/articles
├ ƒ /api/articles/[slug]
├ ƒ /api/auth/[...nextauth]
├ ƒ /api/billing/invoices/[id]
├ ƒ /api/billing/plans
├ ƒ /api/billing/renewal
├ ƒ /api/billing/subscription
├ ƒ /api/billing/subscription/change-plan
├ ƒ /api/billing/subscription/recover
├ ƒ /api/billing/subscription/status
├ ƒ /api/billing/verify-payment
├ ƒ /api/billing/webhook
├ ƒ /api/billing/webhook/test
├ ƒ /api/communication/feedback
├ ƒ /api/communication/notifications
├ ƒ /api/communication/notifications/[id]/read
├ ƒ /api/communication/notifications/read-all
├ ƒ /api/communication/tickets
├ ƒ /api/communication/tickets/[id]
├ ƒ /api/communication/tickets/[id]/messages
├ ƒ /api/dashboard
├ ƒ /api/debug/fix-storage-accounts
├ ƒ /api/debug/storage-accounts
├ ƒ /api/newsletter/subscribe
├ ƒ /api/newsletter/unsubscribe
├ ƒ /api/portals
├ ƒ /api/portals/[id]
├ ƒ /api/public/portals/[slug]
├ ƒ /api/public/portals/[slug]/verify
├ ƒ /api/storage/accounts
├ ƒ /api/storage/auto-sync
├ ƒ /api/storage/cleanup
├ ƒ /api/storage/comprehensive-health-check
├ ƒ /api/storage/deactivate
├ ƒ /api/storage/disconnect
├ ƒ /api/storage/ensure-accounts
├ ƒ /api/storage/fix-accounts
├ ƒ /api/storage/folders
├ ƒ /api/storage/folders/[id]
├ ƒ /api/storage/health-check
├ ƒ /api/storage/reactivate
├ ƒ /api/storage/reconnect
├ ƒ /api/storage/refresh-token
├ ƒ /api/storage/sync-oauth-status
├ ƒ /api/storage/sync-settings
├ ƒ /api/upload
├ ƒ /api/upload/chunked/chunk
├ ƒ /api/upload/chunked/complete
├ ƒ /api/upload/chunked/init
├ ƒ /api/upload/complete
├ ƒ /api/upload/image
├ ƒ /api/upload/session
├ ƒ /api/uploads
├ ƒ /api/uploads/[id]
├ ƒ /api/uploads/[id]/download
├ ƒ /api/uploads/client
├ ƒ /api/v1/portals
├ ƒ /api/v1/storage
├ ƒ /api/v1/storage/disconnect
├ ƒ /api/v1/storage/health-check
├ ƒ /api/v1/uploads
├ ƒ /api/v1/uploads/[id]
├ ○ /auth/signin
├ ○ /blog
├ ● /blog/[slug]
│ └ /blog/who-was-renee-nicole-good-the-woman-killed-by-ice
├ ○ /cookie-policy
├ ƒ /dashboard
├ ƒ /dashboard/assets
├ ƒ /dashboard/billing
├ ƒ /dashboard/clients
├ ƒ /dashboard/communication
├ ƒ /dashboard/communication/feedback
├ ƒ /dashboard/communication/notifications
├ ƒ /dashboard/communication/tickets
├ ƒ /dashboard/integrations
├ ƒ /dashboard/portals
├ ƒ /dashboard/portals/[id]
├ ƒ /dashboard/portals/new
├ ƒ /dashboard/settings
├ ƒ /dashboard/support
├ ○ /debug-all
├ ○ /debug-cleanup
├ ○ /debug-portal
├ ○ /debug-storage
├ ○ /for-accountants
├ ○ /for-agencies
├ ○ /for-consultants
├ ○ /for-lawyers
├ ○ /gdpr
├ ƒ /p/[slug]
├ ○ /payment/callback
├ ○ /privacy
├ ○ /robots.txt
├ ○ /security
├ ○ /sitemap.xml
├ ○ /terms
└ ○ /test-disconnect


ƒ Proxy (Middleware)

○  (Static)   prerendered as static content
●  (SSG)      prerendered as static HTML (uses generateStaticParams)
ƒ  (Dynamic)  server-rendered on demand

